// Jest Snapshot v1, https://goo.gl/fbAQLP

exports[`Test App Comp Basic Rendering renders appropriate snapshot 1`] = `
<div>
  <h1
    className="ui top attached header"
  >
    Your Notes
  </h1>
  <AllNotes />
</div>
`;
